[13:35:07] [INIT] KubeJS 2001.6.5-build.16; MC 2001 forge
[13:35:07] [INIT] Loaded plugins:
[13:35:07] [INIT] - dev.latvian.mods.kubejs.forge.BuiltinKubeJSForgePlugin
[13:35:07] [INIT] - dev.latvian.mods.kubejs.forge.BuiltinKubeJSForgeClientPlugin
[13:35:07] [INIT] - io.github.mortuusars.exposure.integration.kubejs.ExposureJSPlugin
[13:35:07] [INIT] - com.tacz.guns.compat.kubejs.TimelessKubeJSPlugin
[13:35:07] [INFO] Loaded script server_scripts:deepvoid_message.js in 0.001 s
[13:35:07] [INFO] Loaded script server_scripts:first_join_message.js in 0.0 s
[13:35:07] [INFO] Loaded script server_scripts:first_night_message.js in 0.0 s
[13:35:07] [INFO] Loaded script server_scripts:iron_tools_recipes.js in 0.002 s
[13:35:07] [INFO] Loaded script server_scripts:limbo_message.js in 0.001 s
[13:35:07] [INFO] Loaded script server_scripts:recipes.js in 0.0 s
[13:35:07] [INFO] Loaded script server_scripts:stone_tools_recipes.js in 0.0 s
[13:35:07] [INFO] Loaded script server_scripts:wooden_tools_recipes.js in 0.0 s
[13:35:07] [INFO] Loaded 8/8 KubeJS server scripts in 0.008 s with 0 errors and 0 warnings
[13:35:07] [INFO] Scripts loaded
[13:35:07] [INFO] Initializing recipe event...
[13:35:07] [WARN] Due to the way Minecraft resource loading works, KubeJS' server.log may not contain everything that happened in your server scripts on initial world creation.
[13:35:07] [WARN] You can still see the full log (including past reloads) in your latest.log file.
[13:35:29] [INFO] Server resource reload complete!
