<<<<<<< Updated upstream
[20:01:50.938][INFO][CraftTweaker-EarlyInit]: CraftTweaker is running on a Minecraft 1.20.1 production client modded with platform Forge
[20:01:50.947][INFO][CraftTweaker-EarlyInit]: Successfully injected RecipeFS file system
[20:01:50.987][INFO][CraftTweaker-Plugins]: Successfully identified and loaded plugin crafttweaker:builtin
[20:01:50.990][INFO][CraftTweaker-Plugins]: Successfully identified and loaded plugin crafttweaker:builtin_forge
[20:01:50.992][INFO][CraftTweaker-Plugins]: Successfully identified and loaded plugin farmersdelight:crafttweaker_plugin
[20:01:50.993][INFO][CraftTweaker-Plugins]: Successfully identified and loaded plugin refurbished_furniture:plugin
[20:01:51.671][INFO][CraftTweaker]: The following mods have explicit CraftTweaker support through the default plugin:
[20:01:51.674][INFO][CraftTweaker]: - 'crafttweaker' at version '14.0.60'
[20:01:51.674][INFO][CraftTweaker]: - 'farmersdelight' at version '1.20.1-1.3.2'
[20:01:51.674][INFO][CraftTweaker]: - 'refurbished_furniture' at version '1.0.20'
[20:02:00.532][INFO][CraftTweaker-ZenCode]: Started loading scripts for loader 'initialize'
[20:02:00.739][INFO][CraftTweaker-ZenCode]: Compiling and executing scripts
[20:02:00.761][INFO][CraftTweaker-ZenCode]: Successfully initialized modules [crafttweaker, expansions]
[20:02:00.910][INFO][CraftTweaker-ZenCode]: Execution for loader 'initialize' completed successfully
[20:02:34.539][INFO][CraftTweaker-ZenCode]: Started loading scripts for loader 'tags'
[20:02:34.555][INFO][CraftTweaker-ZenCode]: Compiling and executing scripts
[20:02:34.567][INFO][CraftTweaker-ZenCode]: Successfully initialized modules [crafttweaker, expansions]
[20:02:34.574][INFO][CraftTweaker-ZenCode]: Execution for loader 'tags' completed successfully
[20:02:35.162][INFO][CraftTweaker]: CraftTweaker reload starting!
[20:02:35.164][INFO][CraftTweaker-ZenCode]: Started loading scripts for loader 'crafttweaker'
[20:02:35.177][INFO][CraftTweaker-ZenCode]: Compiling and executing scripts
[20:02:35.468][INFO][CraftTweaker-ZenCode]: Successfully initialized modules [mods, crafttweaker, expansions]
[20:02:35.474][INFO][CraftTweaker-ZenCode]: Execution for loader 'crafttweaker' completed successfully
[20:02:35.475][INFO][CraftTweaker]: CraftTweaker reload complete!
=======
[17:14:01.446][INFO][CraftTweaker-EarlyInit]: CraftTweaker is running on a Minecraft 1.20.1 production client modded with platform Forge
[17:14:01.469][INFO][CraftTweaker-EarlyInit]: Successfully injected RecipeFS file system
[17:14:01.551][INFO][CraftTweaker-Plugins]: Successfully identified and loaded plugin crafttweaker:builtin
[17:14:01.553][INFO][CraftTweaker-Plugins]: Successfully identified and loaded plugin crafttweaker:builtin_forge
[17:14:01.554][INFO][CraftTweaker-Plugins]: Successfully identified and loaded plugin farmersdelight:crafttweaker_plugin
[17:14:01.556][INFO][CraftTweaker-Plugins]: Successfully identified and loaded plugin refurbished_furniture:plugin
[17:14:03.012][INFO][CraftTweaker]: The following mods have explicit CraftTweaker support through the default plugin:
[17:14:03.014][INFO][CraftTweaker]: - 'crafttweaker' at version '14.0.60'
[17:14:03.014][INFO][CraftTweaker]: - 'farmersdelight' at version '1.20.1-1.3.2'
[17:14:03.014][INFO][CraftTweaker]: - 'refurbished_furniture' at version '1.0.20'
[17:14:10.433][INFO][CraftTweaker-ZenCode]: Started loading scripts for loader 'initialize'
[17:14:10.812][INFO][CraftTweaker-ZenCode]: Compiling and executing scripts
[17:14:10.904][INFO][CraftTweaker-ZenCode]: Successfully initialized modules [crafttweaker, expansions]
[17:14:11.046][INFO][CraftTweaker-ZenCode]: Execution for loader 'initialize' completed successfully
[17:14:34.449][INFO][CraftTweaker-ZenCode]: Started loading scripts for loader 'tags'
[17:14:34.462][INFO][CraftTweaker-ZenCode]: Compiling and executing scripts
[17:14:34.476][INFO][CraftTweaker-ZenCode]: Successfully initialized modules [crafttweaker, expansions]
[17:14:34.482][INFO][CraftTweaker-ZenCode]: Execution for loader 'tags' completed successfully
[17:14:35.009][INFO][CraftTweaker]: CraftTweaker reload starting!
[17:14:35.012][INFO][CraftTweaker-ZenCode]: Started loading scripts for loader 'crafttweaker'
[17:14:35.028][INFO][CraftTweaker-ZenCode]: Compiling and executing scripts
[17:14:35.312][INFO][CraftTweaker-ZenCode]: Successfully initialized modules [mods, crafttweaker, expansions]
[17:14:35.317][INFO][CraftTweaker-ZenCode]: Execution for loader 'crafttweaker' completed successfully
[17:14:35.318][INFO][CraftTweaker]: CraftTweaker reload complete!
>>>>>>> Stashed changes
